access_request_not_pending
account_banned
account_deleted
account_has_balance
account_has_positions
account_status_transition
account_suspended
already_member
analytics_pii
apns_auth_failed
apns_unavailable
asset_not_found
asset_untradable
auth_state_transition
cabal_banned
cabal_not_found
calendar_expired
cannot_follow_self
cannot_revoke_access
client_closed
conservation_broken
db_schema_behind
db_unavailable
decode_failed
display_name_invalid
forbidden
handle_invalid
handle_required
handle_reserved
handle_taken
handle_too_soon
idempotency_in_flight
idempotency_mismatch
internal
invalid_address
invalid_config
invalid_input
invite_expired
join_needs_request
jupiter_rejected
jupiter_unavailable
leave_creator_with_members
leave_holds_shares
leave_last_member_pot_not_empty
ledger_unbalanced
live_swap_exists
login_method_not_allowed
no_route
not_a_voter
not_cabal_creator
not_cabal_member
not_found
not_proposer
panic
phone_not_linked
photo_invalid
post_hog_rejected
post_hog_unavailable
pot_exceeded
pot_value_zero
privy_unavailable
proposal_closed
proposal_not_found
rate_limited
referral_code_pending
referral_code_unknown
relayer_underfunded
request_not_needed
request_pending
rpc_unavailable
session_required
slippage_exceeded
swap_failed
swap_not_found
swap_not_retryable
unauthorized
upstream_timeout
upstream_unavailable
user_banned
user_not_found
version_conflict
wallet_mismatch
withdraw_not_allowed
x_not_linked
