client_closed
db_schema_behind
db_unavailable
decode_failed
forbidden
idempotency_in_flight
idempotency_mismatch
internal
invalid_address
invalid_config
invalid_input
jupiter_rejected
jupiter_unavailable
not_found
panic
privy_unavailable
rate_limited
relayer_underfunded
rpc_unavailable
storage_unavailable
unauthorized
upstream_timeout
upstream_unavailable
version_conflict
