account_banned
account_deleted
account_has_balance
account_has_positions
account_status_transition
account_suspended
auth_state_transition
display_name_invalid
handle_invalid
handle_required
handle_reserved
handle_taken
handle_too_soon
login_method_not_allowed
phone_not_linked
photo_invalid
session_required
user_not_found
wallet_mismatch
x_not_linked
