proposal_buy	alice proposed buying $500.00 of AAPLx in Alpha Cabal	Open	neutral
proposal_buy_cents	alice proposed buying $1,234.56 of TSLAx in Alpha Cabal	Passed	neutral
proposal_sell_no_amount	bob proposed selling NVDAx in Alpha Cabal	Executed	neutral
proposal_sell_amount	bob proposed selling $25.05 of NVDAx in Alpha Cabal	Trade failed	neutral
proposal_blocked	A member proposed buying $500.00 of AAPLx in Alpha Cabal	Blocked: This feed item is still being prepared. Try again in a moment.	neutral
proposal_failed	A member proposed buying AAPLx in Alpha Cabal	Failed	neutral
proposal_expired	A member proposed buying AAPLx in Alpha Cabal	Expired	neutral
proposal_withdrawn	A member proposed buying AAPLx in Alpha Cabal	Withdrawn	neutral
proposal_voided	A member proposed buying AAPLx in Alpha Cabal	Voided	neutral
proposal_unknown_status	A member proposed buying AAPLx in Alpha Cabal		neutral
trade_buy	Alpha Cabal bought $12,500 of AAPLx	Apple	neutral
trade_sell	Alpha Cabal sold $99.99 of AAPLx		neutral
price_move_up	AAPLx is up 10.43% today	Apple · $187.42	positive
price_move_down	TSLAx is down 5.07% today	Tesla · $1,250.00	negative
price_move_flat_no_price	AAPLx is flat today		neutral
cabal_created	alice started Alpha Cabal		neutral
cabal_created_no_actor	Alpha Cabal is a new cabal		neutral
member_joined	bob joined Alpha Cabal		neutral
member_joined_no_actor	A new member joined Alpha Cabal		neutral
unknown_kind			neutral
