{"payload":{"action":"sell","in_amount":"1000","in_mint":"XsbEhLAtcf6HdfpFZ5xEMdqW8nfAvcsP5bdudRLJzJp","out_mint":"EPjFWdd5AufqSSqeM2qN1xzybapC8G4wEGGkZwyTDt1v","source":{"kind":"cashout"},"source_batch_size":2,"symbol":"AAPLx","v":1},"type":"trade.submitted"}
{"payload":{"action":"sell","fee_micros":"0","in_amount":"1000","in_mint":"XsbEhLAtcf6HdfpFZ5xEMdqW8nfAvcsP5bdudRLJzJp","out_amount":"49800000","out_mint":"EPjFWdd5AufqSSqeM2qN1xzybapC8G4wEGGkZwyTDt1v","source":{"kind":"cashout"},"source_batch_size":2,"symbol":"AAPLx","usdc_micros":"49800000","v":1},"type":"trade.confirmed"}
{"payload":{"action":"sell","in_amount":"106","in_mint":"XsDoVfqeBukxuZHWhdvWHBhgEHjGNst4MLodqsJHzoB","out_mint":"EPjFWdd5AufqSSqeM2qN1xzybapC8G4wEGGkZwyTDt1v","source":{"kind":"cashout"},"source_batch_size":2,"symbol":"TSLAx","v":1},"type":"trade.submitted"}
{"payload":{"action":"sell","fee_micros":"0","in_amount":"106","in_mint":"XsDoVfqeBukxuZHWhdvWHBhgEHjGNst4MLodqsJHzoB","out_amount":"10550000","out_mint":"EPjFWdd5AufqSSqeM2qN1xzybapC8G4wEGGkZwyTDt1v","source":{"kind":"cashout"},"source_batch_size":2,"symbol":"TSLAx","usdc_micros":"10550000","v":1},"type":"trade.confirmed"}
